<html>
<body>
<pre>
<h1>µVision Build Log</h1>
<h2>Project:</h2>
N:\ECE254\HelloWorld\HelloWorld.uvproj
Project File Date:  09/16/2015

<h2>Output:</h2>
Build target 'HelloWorld SIM'
assembling startup_LPC17xx.s...
compiling helloworld.c...
helloworld.c(2): error:  #5: cannot open source input file "uart_polling.h": No such file or directory
compiling system_LPC17xx.c...
compiling uart_polling.c...
Target not created
Build target 'HelloWorld SIM'
compiling helloworld.c...
src\helloworld.c(8): warning:  #1-D: last line of file ends without a newline
linking...
Program Size: Code=1132 RO-data=236 RW-data=4 ZI-data=612  
".\build\FLASH\HelloWorld.axf" - 0 Error(s), 1 Warning(s).
Load "N:\\ECE254\\HelloWorld\\build\\FLASH\\HelloWorld.AXF" 
Erase Done.
Programming Done.
Verify OK.
Load "N:\\ECE254\\HelloWorld\\build\\FLASH\\HelloWorld.AXF" 
Erase Done.
Programming Done.
Verify OK.
